2024-10-14 10:08:56.592 +02:00 [INF] User profile is available. Using '/Users/alexmccorkle/.aspnet/DataProtection-Keys' as key repository; keys will not be encrypted at rest.
2024-10-14 10:08:56.735 +02:00 [INF] Now listening on: http://localhost:5041
2024-10-14 10:08:56.740 +02:00 [INF] Application started. Press Ctrl+C to shut down.
2024-10-14 10:08:56.764 +02:00 [INF] Hosting environment: Development
2024-10-14 10:08:56.768 +02:00 [INF] Content root path: /Users/alexmccorkle/Documents/IT/Year_3/WebApp/MVCDemos/MyShop
2024-10-14 10:08:57.729 +02:00 [INF] Request starting HTTP/1.1 GET http://localhost:5041/ - null null
2024-10-14 10:08:57.773 +02:00 [INF] Executing endpoint 'MyShop.Controllers.HomeController.Index (MyShop)'
2024-10-14 10:08:57.778 +02:00 [INF] Route matched with {action = "Index", controller = "Home", page = "", area = ""}. Executing controller action with signature Microsoft.AspNetCore.Mvc.IActionResult Index() on controller MyShop.Controllers.HomeController (MyShop).
2024-10-14 10:08:57.783 +02:00 [INF] Executing ViewResult, running view Index.
2024-10-14 10:08:57.837 +02:00 [INF] Executed ViewResult - view Index executed in 53.4008ms.
2024-10-14 10:08:57.838 +02:00 [INF] Executed action MyShop.Controllers.HomeController.Index (MyShop) in 59.315ms
2024-10-14 10:08:57.838 +02:00 [INF] Executed endpoint 'MyShop.Controllers.HomeController.Index (MyShop)'
2024-10-14 10:08:57.841 +02:00 [INF] Request finished HTTP/1.1 GET http://localhost:5041/ - 200 null text/html; charset=utf-8 113.3731ms
2024-10-14 10:08:57.937 +02:00 [INF] Request starting HTTP/1.1 GET http://localhost:5041/lib/jquery/jquery.min.js - null null
2024-10-14 10:08:57.938 +02:00 [INF] Request starting HTTP/1.1 GET http://localhost:5041/lib/bootstap/js/bootstrap.js - null null
2024-10-14 10:08:57.996 +02:00 [INF] Request starting HTTP/1.1 GET http://localhost:5041/lib/jquery-validate/jquery.validate.js> - null null
2024-10-14 10:08:57.996 +02:00 [INF] Request starting HTTP/1.1 GET http://localhost:5041/lib/jquery-validation-unobtrusive/jquery.validate.unobtrusive.js> - null null
2024-10-14 10:08:58.025 +02:00 [INF] Request finished HTTP/1.1 GET http://localhost:5041/lib/bootstap/js/bootstrap.js - 404 0 null 89.0162ms
2024-10-14 10:08:58.025 +02:00 [INF] Request finished HTTP/1.1 GET http://localhost:5041/lib/jquery-validate/jquery.validate.js> - 404 0 null 29.5087ms
2024-10-14 10:08:58.026 +02:00 [INF] Request finished HTTP/1.1 GET http://localhost:5041/lib/jquery/jquery.min.js - 404 0 null 89.6543ms
2024-10-14 10:08:58.026 +02:00 [INF] Request finished HTTP/1.1 GET http://localhost:5041/lib/jquery-validation-unobtrusive/jquery.validate.unobtrusive.js> - 404 0 null 30.0196ms
2024-10-14 10:08:58.026 +02:00 [INF] Request reached the end of the middleware pipeline without being handled by application code. Request path: GET http://localhost:5041/lib/bootstap/js/bootstrap.js, Response status code: 404
2024-10-14 10:08:58.026 +02:00 [INF] Request reached the end of the middleware pipeline without being handled by application code. Request path: GET http://localhost:5041/lib/jquery-validate/jquery.validate.js%3E, Response status code: 404
2024-10-14 10:08:58.026 +02:00 [INF] Request reached the end of the middleware pipeline without being handled by application code. Request path: GET http://localhost:5041/lib/jquery/jquery.min.js, Response status code: 404
2024-10-14 10:08:58.027 +02:00 [INF] Request reached the end of the middleware pipeline without being handled by application code. Request path: GET http://localhost:5041/lib/jquery-validation-unobtrusive/jquery.validate.unobtrusive.js%3E, Response status code: 404
2024-10-14 10:08:58.075 +02:00 [INF] Request starting HTTP/1.1 GET http://localhost:5041/lib/jquery/jquery.min.js - null null
2024-10-14 10:08:58.083 +02:00 [INF] Request finished HTTP/1.1 GET http://localhost:5041/lib/jquery/jquery.min.js - 404 0 null 8.9878ms
2024-10-14 10:08:58.084 +02:00 [INF] Request reached the end of the middleware pipeline without being handled by application code. Request path: GET http://localhost:5041/lib/jquery/jquery.min.js, Response status code: 404
2024-10-14 10:08:58.086 +02:00 [INF] Request starting HTTP/1.1 GET http://localhost:5041/lib/jquery-validate/jquery.validate.js> - null null
2024-10-14 10:08:58.087 +02:00 [INF] Request finished HTTP/1.1 GET http://localhost:5041/lib/jquery-validate/jquery.validate.js> - 404 0 null 0.9967ms
2024-10-14 10:08:58.087 +02:00 [INF] Request reached the end of the middleware pipeline without being handled by application code. Request path: GET http://localhost:5041/lib/jquery-validate/jquery.validate.js%3E, Response status code: 404
2024-10-14 10:08:58.089 +02:00 [INF] Request starting HTTP/1.1 GET http://localhost:5041/lib/jquery-validation-unobtrusive/jquery.validate.unobtrusive.js> - null null
2024-10-14 10:08:58.089 +02:00 [INF] Request finished HTTP/1.1 GET http://localhost:5041/lib/jquery-validation-unobtrusive/jquery.validate.unobtrusive.js> - 404 0 null 0.329ms
2024-10-14 10:08:58.089 +02:00 [INF] Request reached the end of the middleware pipeline without being handled by application code. Request path: GET http://localhost:5041/lib/jquery-validation-unobtrusive/jquery.validate.unobtrusive.js%3E, Response status code: 404
2024-10-14 10:09:02.725 +02:00 [INF] Request starting HTTP/1.1 POST http://localhost:5041/Identity/Account/Logout?returnUrl=%2F - application/x-www-form-urlencoded 225
2024-10-14 10:09:02.760 +02:00 [INF] Executing endpoint '/Account/Logout'
2024-10-14 10:09:02.781 +02:00 [INF] Route matched with {page = "/Account/Logout", area = "Identity", action = "", controller = ""}. Executing page /Account/Logout
2024-10-14 10:09:02.797 +02:00 [INF] Executing handler method MyShop.Areas.Identity.Pages.Account.LogoutModel.OnPost - ModelState is "Valid"
2024-10-14 10:09:02.805 +02:00 [INF] AuthenticationScheme: Identity.Application signed out.
2024-10-14 10:09:02.805 +02:00 [INF] AuthenticationScheme: Identity.External signed out.
2024-10-14 10:09:02.806 +02:00 [INF] AuthenticationScheme: Identity.TwoFactorUserId signed out.
2024-10-14 10:09:02.808 +02:00 [INF] User logged out.
2024-10-14 10:09:02.808 +02:00 [INF] Executed handler method OnPost, returned result Microsoft.AspNetCore.Mvc.LocalRedirectResult.
2024-10-14 10:09:02.809 +02:00 [INF] Executing LocalRedirectResult, redirecting to /.
2024-10-14 10:09:02.809 +02:00 [INF] Executed page /Account/Logout in 27.5366ms
2024-10-14 10:09:02.809 +02:00 [INF] Executed endpoint '/Account/Logout'
2024-10-14 10:09:02.810 +02:00 [INF] Request finished HTTP/1.1 POST http://localhost:5041/Identity/Account/Logout?returnUrl=%2F - 302 0 null 86.2551ms
2024-10-14 10:09:02.818 +02:00 [INF] Request starting HTTP/1.1 GET http://localhost:5041/ - null null
2024-10-14 10:09:02.819 +02:00 [INF] Executing endpoint 'MyShop.Controllers.HomeController.Index (MyShop)'
2024-10-14 10:09:02.820 +02:00 [INF] Route matched with {action = "Index", controller = "Home", page = "", area = ""}. Executing controller action with signature Microsoft.AspNetCore.Mvc.IActionResult Index() on controller MyShop.Controllers.HomeController (MyShop).
2024-10-14 10:09:02.823 +02:00 [INF] Executing ViewResult, running view Index.
2024-10-14 10:09:02.828 +02:00 [INF] Executed ViewResult - view Index executed in 6.3923ms.
2024-10-14 10:09:02.828 +02:00 [INF] Executed action MyShop.Controllers.HomeController.Index (MyShop) in 8.0616ms
2024-10-14 10:09:02.828 +02:00 [INF] Executed endpoint 'MyShop.Controllers.HomeController.Index (MyShop)'
2024-10-14 10:09:02.828 +02:00 [INF] Request finished HTTP/1.1 GET http://localhost:5041/ - 200 null text/html; charset=utf-8 9.8721ms
2024-10-14 10:09:02.863 +02:00 [INF] Request starting HTTP/1.1 GET http://localhost:5041/lib/bootstap/js/bootstrap.js - null null
2024-10-14 10:09:02.863 +02:00 [INF] Request starting HTTP/1.1 GET http://localhost:5041/lib/jquery-validate/jquery.validate.js> - null null
2024-10-14 10:09:02.863 +02:00 [INF] Request starting HTTP/1.1 GET http://localhost:5041/lib/jquery/jquery.min.js - null null
2024-10-14 10:09:02.863 +02:00 [INF] Request starting HTTP/1.1 GET http://localhost:5041/lib/jquery-validation-unobtrusive/jquery.validate.unobtrusive.js> - null null
2024-10-14 10:09:02.864 +02:00 [INF] Request finished HTTP/1.1 GET http://localhost:5041/lib/jquery/jquery.min.js - 404 0 null 1.069ms
2024-10-14 10:09:02.864 +02:00 [INF] Request finished HTTP/1.1 GET http://localhost:5041/lib/bootstap/js/bootstrap.js - 404 0 null 1.1231ms
2024-10-14 10:09:02.864 +02:00 [INF] Request reached the end of the middleware pipeline without being handled by application code. Request path: GET http://localhost:5041/lib/bootstap/js/bootstrap.js, Response status code: 404
2024-10-14 10:09:02.864 +02:00 [INF] Request reached the end of the middleware pipeline without being handled by application code. Request path: GET http://localhost:5041/lib/jquery/jquery.min.js, Response status code: 404
2024-10-14 10:09:02.864 +02:00 [INF] Request finished HTTP/1.1 GET http://localhost:5041/lib/jquery-validate/jquery.validate.js> - 404 0 null 1.1936ms
2024-10-14 10:09:02.864 +02:00 [INF] Request finished HTTP/1.1 GET http://localhost:5041/lib/jquery-validation-unobtrusive/jquery.validate.unobtrusive.js> - 404 0 null 1.1045ms
2024-10-14 10:09:02.864 +02:00 [INF] Request reached the end of the middleware pipeline without being handled by application code. Request path: GET http://localhost:5041/lib/jquery-validation-unobtrusive/jquery.validate.unobtrusive.js%3E, Response status code: 404
2024-10-14 10:09:02.864 +02:00 [INF] Request reached the end of the middleware pipeline without being handled by application code. Request path: GET http://localhost:5041/lib/jquery-validate/jquery.validate.js%3E, Response status code: 404
2024-10-14 10:09:02.867 +02:00 [INF] Request starting HTTP/1.1 GET http://localhost:5041/lib/jquery-validation-unobtrusive/jquery.validate.unobtrusive.js> - null null
2024-10-14 10:09:02.868 +02:00 [INF] Request finished HTTP/1.1 GET http://localhost:5041/lib/jquery-validation-unobtrusive/jquery.validate.unobtrusive.js> - 404 0 null 0.2869ms
2024-10-14 10:09:02.868 +02:00 [INF] Request reached the end of the middleware pipeline without being handled by application code. Request path: GET http://localhost:5041/lib/jquery-validation-unobtrusive/jquery.validate.unobtrusive.js%3E, Response status code: 404
2024-10-14 10:09:04.884 +02:00 [INF] Request starting HTTP/1.1 GET http://localhost:5041/Identity/Account/Login - null null
2024-10-14 10:09:04.897 +02:00 [INF] Executing endpoint '/Account/Login'
2024-10-14 10:09:04.915 +02:00 [INF] Route matched with {page = "/Account/Login", area = "Identity", action = "", controller = ""}. Executing page /Account/Login
2024-10-14 10:09:04.920 +02:00 [INF] Executing handler method MyShop.Areas.Identity.Pages.Account.LoginModel.OnGetAsync - ModelState is "Valid"
2024-10-14 10:09:04.923 +02:00 [INF] AuthenticationScheme: Identity.External signed out.
2024-10-14 10:09:04.924 +02:00 [INF] Executed handler method OnGetAsync, returned result .
2024-10-14 10:09:04.933 +02:00 [INF] Executing an implicit handler method - ModelState is "Valid"
2024-10-14 10:09:04.934 +02:00 [INF] Executed an implicit handler method, returned result Microsoft.AspNetCore.Mvc.RazorPages.PageResult.
2024-10-14 10:09:04.962 +02:00 [INF] Executed page /Account/Login in 46.7187ms
2024-10-14 10:09:04.962 +02:00 [INF] Executed endpoint '/Account/Login'
2024-10-14 10:09:04.962 +02:00 [INF] Request finished HTTP/1.1 GET http://localhost:5041/Identity/Account/Login - 200 null text/html; charset=utf-8 78.797ms
2024-10-14 10:09:05.026 +02:00 [INF] Request starting HTTP/1.1 GET http://localhost:5041/lib/bootstap/js/bootstrap.js - null null
2024-10-14 10:09:05.026 +02:00 [INF] Request starting HTTP/1.1 GET http://localhost:5041/lib/jquery-validate/jquery.validate.js> - null null
2024-10-14 10:09:05.026 +02:00 [INF] Request starting HTTP/1.1 GET http://localhost:5041/lib/jquery/jquery.min.js - null null
2024-10-14 10:09:05.026 +02:00 [INF] Request starting HTTP/1.1 GET http://localhost:5041/lib/jquery-validation-unobtrusive/jquery.validate.unobtrusive.js> - null null
2024-10-14 10:09:05.027 +02:00 [INF] Request finished HTTP/1.1 GET http://localhost:5041/lib/jquery/jquery.min.js - 404 0 null 0.9862ms
2024-10-14 10:09:05.027 +02:00 [INF] Request reached the end of the middleware pipeline without being handled by application code. Request path: GET http://localhost:5041/lib/jquery/jquery.min.js, Response status code: 404
2024-10-14 10:09:05.028 +02:00 [INF] Request finished HTTP/1.1 GET http://localhost:5041/lib/bootstap/js/bootstrap.js - 404 0 null 1.3066ms
2024-10-14 10:09:05.028 +02:00 [INF] Request reached the end of the middleware pipeline without being handled by application code. Request path: GET http://localhost:5041/lib/bootstap/js/bootstrap.js, Response status code: 404
2024-10-14 10:09:05.028 +02:00 [INF] Request finished HTTP/1.1 GET http://localhost:5041/lib/jquery-validation-unobtrusive/jquery.validate.unobtrusive.js> - 404 0 null 1.4397ms
2024-10-14 10:09:05.028 +02:00 [INF] Request finished HTTP/1.1 GET http://localhost:5041/lib/jquery-validate/jquery.validate.js> - 404 0 null 1.6182ms
2024-10-14 10:09:05.028 +02:00 [INF] Request reached the end of the middleware pipeline without being handled by application code. Request path: GET http://localhost:5041/lib/jquery-validation-unobtrusive/jquery.validate.unobtrusive.js%3E, Response status code: 404
2024-10-14 10:09:05.028 +02:00 [INF] Request reached the end of the middleware pipeline without being handled by application code. Request path: GET http://localhost:5041/lib/jquery-validate/jquery.validate.js%3E, Response status code: 404
2024-10-14 10:09:05.029 +02:00 [INF] Request starting HTTP/1.1 GET http://localhost:5041/lib/jquery-validation/dist/jquery.validate.min.js - null null
2024-10-14 10:09:05.029 +02:00 [INF] Request finished HTTP/1.1 GET http://localhost:5041/lib/jquery-validation/dist/jquery.validate.min.js - 404 0 null 0.4394ms
2024-10-14 10:09:05.029 +02:00 [INF] Request reached the end of the middleware pipeline without being handled by application code. Request path: GET http://localhost:5041/lib/jquery-validation/dist/jquery.validate.min.js, Response status code: 404
2024-10-14 10:09:05.029 +02:00 [INF] Request starting HTTP/1.1 GET http://localhost:5041/lib/jquery-validation-unobtrusive/jquery.validate.unobtrusive.min.js - null null
2024-10-14 10:09:05.030 +02:00 [INF] Request finished HTTP/1.1 GET http://localhost:5041/lib/jquery-validation-unobtrusive/jquery.validate.unobtrusive.min.js - 404 0 null 0.2036ms
2024-10-14 10:09:05.030 +02:00 [INF] Request reached the end of the middleware pipeline without being handled by application code. Request path: GET http://localhost:5041/lib/jquery-validation-unobtrusive/jquery.validate.unobtrusive.min.js, Response status code: 404
2024-10-14 10:09:05.042 +02:00 [INF] Request starting HTTP/1.1 GET http://localhost:5041/lib/jquery/jquery.min.js - null null
2024-10-14 10:09:05.043 +02:00 [INF] Request finished HTTP/1.1 GET http://localhost:5041/lib/jquery/jquery.min.js - 404 0 null 0.7672ms
2024-10-14 10:09:05.044 +02:00 [INF] Request reached the end of the middleware pipeline without being handled by application code. Request path: GET http://localhost:5041/lib/jquery/jquery.min.js, Response status code: 404
2024-10-14 10:09:05.047 +02:00 [INF] Request starting HTTP/1.1 GET http://localhost:5041/lib/jquery-validate/jquery.validate.js> - null null
2024-10-14 10:09:05.047 +02:00 [INF] Request finished HTTP/1.1 GET http://localhost:5041/lib/jquery-validate/jquery.validate.js> - 404 0 null 0.3607ms
2024-10-14 10:09:05.047 +02:00 [INF] Request reached the end of the middleware pipeline without being handled by application code. Request path: GET http://localhost:5041/lib/jquery-validate/jquery.validate.js%3E, Response status code: 404
2024-10-14 10:09:05.049 +02:00 [INF] Request starting HTTP/1.1 GET http://localhost:5041/lib/jquery-validation-unobtrusive/jquery.validate.unobtrusive.js> - null null
2024-10-14 10:09:05.049 +02:00 [INF] Request finished HTTP/1.1 GET http://localhost:5041/lib/jquery-validation-unobtrusive/jquery.validate.unobtrusive.js> - 404 0 null 0.1155ms
2024-10-14 10:09:05.049 +02:00 [INF] Request reached the end of the middleware pipeline without being handled by application code. Request path: GET http://localhost:5041/lib/jquery-validation-unobtrusive/jquery.validate.unobtrusive.js%3E, Response status code: 404
2024-10-14 10:09:05.055 +02:00 [INF] Request starting HTTP/1.1 GET http://localhost:5041/lib/jquery-validation/dist/jquery.validate.min.js - null null
2024-10-14 10:09:05.055 +02:00 [INF] Request finished HTTP/1.1 GET http://localhost:5041/lib/jquery-validation/dist/jquery.validate.min.js - 404 0 null 0.2545ms
2024-10-14 10:09:05.055 +02:00 [INF] Request reached the end of the middleware pipeline without being handled by application code. Request path: GET http://localhost:5041/lib/jquery-validation/dist/jquery.validate.min.js, Response status code: 404
2024-10-14 10:09:05.077 +02:00 [INF] Request starting HTTP/1.1 GET http://localhost:5041/lib/jquery-validation-unobtrusive/jquery.validate.unobtrusive.min.js - null null
2024-10-14 10:09:05.077 +02:00 [INF] Request finished HTTP/1.1 GET http://localhost:5041/lib/jquery-validation-unobtrusive/jquery.validate.unobtrusive.min.js - 404 0 null 0.3833ms
2024-10-14 10:09:05.077 +02:00 [INF] Request reached the end of the middleware pipeline without being handled by application code. Request path: GET http://localhost:5041/lib/jquery-validation-unobtrusive/jquery.validate.unobtrusive.min.js, Response status code: 404
2024-10-14 10:09:16.720 +02:00 [INF] Request starting HTTP/1.1 POST http://localhost:5041/Identity/Account/Login - application/x-www-form-urlencoded 266
2024-10-14 10:09:16.729 +02:00 [INF] Executing endpoint '/Account/Login'
2024-10-14 10:09:16.737 +02:00 [INF] Route matched with {page = "/Account/Login", area = "Identity", action = "", controller = ""}. Executing page /Account/Login
2024-10-14 10:09:16.774 +02:00 [INF] Executing handler method MyShop.Areas.Identity.Pages.Account.LoginModel.OnPostAsync - ModelState is "Valid"
2024-10-14 10:09:16.949 +02:00 [INF] Executed handler method OnPostAsync, returned result Microsoft.AspNetCore.Mvc.RazorPages.PageResult.
2024-10-14 10:09:16.954 +02:00 [INF] Executed page /Account/Login in 217.3065ms
2024-10-14 10:09:16.954 +02:00 [INF] Executed endpoint '/Account/Login'
2024-10-14 10:09:16.955 +02:00 [INF] Request finished HTTP/1.1 POST http://localhost:5041/Identity/Account/Login - 200 null text/html; charset=utf-8 235.7112ms
2024-10-14 10:09:17.035 +02:00 [INF] Request starting HTTP/1.1 GET http://localhost:5041/lib/bootstap/js/bootstrap.js - null null
2024-10-14 10:09:17.036 +02:00 [INF] Request starting HTTP/1.1 GET http://localhost:5041/lib/jquery/jquery.min.js - null null
2024-10-14 10:09:17.036 +02:00 [INF] Request starting HTTP/1.1 GET http://localhost:5041/lib/jquery-validation-unobtrusive/jquery.validate.unobtrusive.js> - null null
2024-10-14 10:09:17.036 +02:00 [INF] Request starting HTTP/1.1 GET http://localhost:5041/lib/jquery-validate/jquery.validate.js> - null null
2024-10-14 10:09:17.036 +02:00 [INF] Request finished HTTP/1.1 GET http://localhost:5041/lib/bootstap/js/bootstrap.js - 404 0 null 1.031ms
2024-10-14 10:09:17.037 +02:00 [INF] Request finished HTTP/1.1 GET http://localhost:5041/lib/jquery-validation-unobtrusive/jquery.validate.unobtrusive.js> - 404 0 null 0.8034ms
2024-10-14 10:09:17.037 +02:00 [INF] Request reached the end of the middleware pipeline without being handled by application code. Request path: GET http://localhost:5041/lib/jquery-validation-unobtrusive/jquery.validate.unobtrusive.js%3E, Response status code: 404
2024-10-14 10:09:17.037 +02:00 [INF] Request reached the end of the middleware pipeline without being handled by application code. Request path: GET http://localhost:5041/lib/bootstap/js/bootstrap.js, Response status code: 404
2024-10-14 10:09:17.036 +02:00 [INF] Request finished HTTP/1.1 GET http://localhost:5041/lib/jquery/jquery.min.js - 404 0 null 0.775ms
2024-10-14 10:09:17.037 +02:00 [INF] Request reached the end of the middleware pipeline without being handled by application code. Request path: GET http://localhost:5041/lib/jquery/jquery.min.js, Response status code: 404
2024-10-14 10:09:17.037 +02:00 [INF] Request finished HTTP/1.1 GET http://localhost:5041/lib/jquery-validate/jquery.validate.js> - 404 0 null 1.1386ms
2024-10-14 10:09:17.037 +02:00 [INF] Request reached the end of the middleware pipeline without being handled by application code. Request path: GET http://localhost:5041/lib/jquery-validate/jquery.validate.js%3E, Response status code: 404
2024-10-14 10:09:17.081 +02:00 [INF] Request starting HTTP/1.1 GET http://localhost:5041/lib/jquery/jquery.min.js - null null
2024-10-14 10:09:17.081 +02:00 [INF] Request starting HTTP/1.1 GET http://localhost:5041/lib/jquery-validation/dist/jquery.validate.min.js - null null
2024-10-14 10:09:17.081 +02:00 [INF] Request starting HTTP/1.1 GET http://localhost:5041/lib/jquery-validation-unobtrusive/jquery.validate.unobtrusive.min.js - null null
2024-10-14 10:09:17.081 +02:00 [INF] Request finished HTTP/1.1 GET http://localhost:5041/lib/jquery/jquery.min.js - 404 0 null 0.3404ms
2024-10-14 10:09:17.082 +02:00 [INF] Request finished HTTP/1.1 GET http://localhost:5041/lib/jquery-validation-unobtrusive/jquery.validate.unobtrusive.min.js - 404 0 null 0.8248ms
2024-10-14 10:09:17.082 +02:00 [INF] Request reached the end of the middleware pipeline without being handled by application code. Request path: GET http://localhost:5041/lib/jquery-validation-unobtrusive/jquery.validate.unobtrusive.min.js, Response status code: 404
2024-10-14 10:09:17.082 +02:00 [INF] Request finished HTTP/1.1 GET http://localhost:5041/lib/jquery-validation/dist/jquery.validate.min.js - 404 0 null 0.8866ms
2024-10-14 10:09:17.082 +02:00 [INF] Request reached the end of the middleware pipeline without being handled by application code. Request path: GET http://localhost:5041/lib/jquery/jquery.min.js, Response status code: 404
2024-10-14 10:09:17.083 +02:00 [INF] Request reached the end of the middleware pipeline without being handled by application code. Request path: GET http://localhost:5041/lib/jquery-validation/dist/jquery.validate.min.js, Response status code: 404
2024-10-14 10:09:17.084 +02:00 [INF] Request starting HTTP/1.1 GET http://localhost:5041/lib/jquery-validate/jquery.validate.js> - null null
2024-10-14 10:09:17.084 +02:00 [INF] Request finished HTTP/1.1 GET http://localhost:5041/lib/jquery-validate/jquery.validate.js> - 404 0 null 0.1096ms
2024-10-14 10:09:17.084 +02:00 [INF] Request reached the end of the middleware pipeline without being handled by application code. Request path: GET http://localhost:5041/lib/jquery-validate/jquery.validate.js%3E, Response status code: 404
2024-10-14 10:09:17.086 +02:00 [INF] Request starting HTTP/1.1 GET http://localhost:5041/lib/jquery-validation-unobtrusive/jquery.validate.unobtrusive.js> - null null
2024-10-14 10:09:17.086 +02:00 [INF] Request finished HTTP/1.1 GET http://localhost:5041/lib/jquery-validation-unobtrusive/jquery.validate.unobtrusive.js> - 404 0 null 0.1433ms
2024-10-14 10:09:17.087 +02:00 [INF] Request reached the end of the middleware pipeline without being handled by application code. Request path: GET http://localhost:5041/lib/jquery-validation-unobtrusive/jquery.validate.unobtrusive.js%3E, Response status code: 404
2024-10-14 10:09:17.090 +02:00 [INF] Request starting HTTP/1.1 GET http://localhost:5041/lib/jquery-validation/dist/jquery.validate.min.js - null null
2024-10-14 10:09:17.091 +02:00 [INF] Request finished HTTP/1.1 GET http://localhost:5041/lib/jquery-validation/dist/jquery.validate.min.js - 404 0 null 0.4312ms
2024-10-14 10:09:17.091 +02:00 [INF] Request reached the end of the middleware pipeline without being handled by application code. Request path: GET http://localhost:5041/lib/jquery-validation/dist/jquery.validate.min.js, Response status code: 404
2024-10-14 10:09:17.097 +02:00 [INF] Request starting HTTP/1.1 GET http://localhost:5041/lib/jquery-validation-unobtrusive/jquery.validate.unobtrusive.min.js - null null
2024-10-14 10:09:17.098 +02:00 [INF] Request finished HTTP/1.1 GET http://localhost:5041/lib/jquery-validation-unobtrusive/jquery.validate.unobtrusive.min.js - 404 0 null 0.6418ms
2024-10-14 10:09:17.098 +02:00 [INF] Request reached the end of the middleware pipeline without being handled by application code. Request path: GET http://localhost:5041/lib/jquery-validation-unobtrusive/jquery.validate.unobtrusive.min.js, Response status code: 404
2024-10-14 10:09:19.669 +02:00 [INF] Request starting HTTP/1.1 GET http://localhost:5041/Identity/Account/Register - null null
2024-10-14 10:09:19.672 +02:00 [INF] Executing endpoint '/Account/Register'
2024-10-14 10:09:19.683 +02:00 [INF] Route matched with {page = "/Account/Register", area = "Identity", action = "", controller = ""}. Executing page /Account/Register
2024-10-14 10:09:19.688 +02:00 [INF] Executed page /Account/Register in 5.2014ms
2024-10-14 10:09:19.688 +02:00 [INF] Executed endpoint '/Account/Register'
2024-10-14 10:09:19.740 +02:00 [ERR] An unhandled exception has occurred while executing the request.
System.InvalidOperationException: Unable to resolve service for type 'Microsoft.AspNetCore.Identity.UI.Services.IEmailSender' while attempting to activate 'MyShop.Areas.Identity.Pages.Account.RegisterModel'.
   at Microsoft.Extensions.DependencyInjection.ActivatorUtilities.ThrowHelperUnableToResolveService(Type type, Type requiredBy)
   at lambda_method355(Closure, IServiceProvider, Object[])
   at Microsoft.AspNetCore.Mvc.RazorPages.Infrastructure.DefaultPageModelFactoryProvider.<>c__DisplayClass3_0.<CreateModelFactory>b__0(PageContext pageContext)
   at Microsoft.AspNetCore.Mvc.RazorPages.Infrastructure.PageActionInvoker.CreateInstance()
   at Microsoft.AspNetCore.Mvc.RazorPages.Infrastructure.PageActionInvoker.Next(State& next, Scope& scope, Object& state, Boolean& isCompleted)
   at Microsoft.AspNetCore.Mvc.RazorPages.Infrastructure.PageActionInvoker.InvokeInnerFilterAsync()
   at Microsoft.AspNetCore.Mvc.Infrastructure.ResourceInvoker.<InvokeNextResourceFilter>g__Awaited|25_0(ResourceInvoker invoker, Task lastTask, State next, Scope scope, Object state, Boolean isCompleted)
   at Microsoft.AspNetCore.Mvc.Infrastructure.ResourceInvoker.Rethrow(ResourceExecutedContextSealed context)
   at Microsoft.AspNetCore.Mvc.Infrastructure.ResourceInvoker.Next(State& next, Scope& scope, Object& state, Boolean& isCompleted)
   at Microsoft.AspNetCore.Mvc.Infrastructure.ResourceInvoker.InvokeFilterPipelineAsync()
--- End of stack trace from previous location ---
   at Microsoft.AspNetCore.Mvc.Infrastructure.ResourceInvoker.<InvokeAsync>g__Logged|17_1(ResourceInvoker invoker)
   at Microsoft.AspNetCore.Mvc.Infrastructure.ResourceInvoker.<InvokeAsync>g__Logged|17_1(ResourceInvoker invoker)
   at Microsoft.AspNetCore.Routing.EndpointMiddleware.<Invoke>g__AwaitRequestTask|7_0(Endpoint endpoint, Task requestTask, ILogger logger)
   at Microsoft.AspNetCore.Authentication.AuthenticationMiddleware.Invoke(HttpContext context)
   at Microsoft.AspNetCore.Authentication.AuthenticationMiddleware.Invoke(HttpContext context)
   at Microsoft.AspNetCore.Session.SessionMiddleware.Invoke(HttpContext context)
   at Microsoft.AspNetCore.Session.SessionMiddleware.Invoke(HttpContext context)
   at Microsoft.AspNetCore.Diagnostics.DeveloperExceptionPageMiddlewareImpl.Invoke(HttpContext context)
2024-10-14 10:09:19.755 +02:00 [INF] Request finished HTTP/1.1 GET http://localhost:5041/Identity/Account/Register - 500 null text/html; charset=utf-8 86.0756ms
2024-10-14 10:09:39.557 +02:00 [INF] Request starting HTTP/1.1 GET http://localhost:5041/Identity/Account/Login.cshtml - null null
2024-10-14 10:09:39.568 +02:00 [INF] Request finished HTTP/1.1 GET http://localhost:5041/Identity/Account/Login.cshtml - 404 0 null 11.6067ms
2024-10-14 10:09:39.569 +02:00 [INF] Request reached the end of the middleware pipeline without being handled by application code. Request path: GET http://localhost:5041/Identity/Account/Login.cshtml, Response status code: 404
2024-10-14 10:09:48.298 +02:00 [INF] Request starting HTTP/1.1 GET http://localhost:5041/Identity/Account/Login?ReturnUrl=%2FIdentity%2FAccount%2FManage - null null
2024-10-14 10:09:48.300 +02:00 [INF] Executing endpoint '/Account/Login'
2024-10-14 10:09:48.301 +02:00 [INF] Route matched with {page = "/Account/Login", area = "Identity", action = "", controller = ""}. Executing page /Account/Login
2024-10-14 10:09:48.305 +02:00 [INF] Executing handler method MyShop.Areas.Identity.Pages.Account.LoginModel.OnGetAsync - ModelState is "Valid"
2024-10-14 10:09:48.306 +02:00 [INF] AuthenticationScheme: Identity.External signed out.
2024-10-14 10:09:48.306 +02:00 [INF] Executed handler method OnGetAsync, returned result .
2024-10-14 10:09:48.306 +02:00 [INF] Executing an implicit handler method - ModelState is "Valid"
2024-10-14 10:09:48.306 +02:00 [INF] Executed an implicit handler method, returned result Microsoft.AspNetCore.Mvc.RazorPages.PageResult.
2024-10-14 10:09:48.326 +02:00 [INF] Executed page /Account/Login in 24.9004ms
2024-10-14 10:09:48.327 +02:00 [INF] Executed endpoint '/Account/Login'
2024-10-14 10:09:48.327 +02:00 [INF] Request finished HTTP/1.1 GET http://localhost:5041/Identity/Account/Login?ReturnUrl=%2FIdentity%2FAccount%2FManage - 200 null text/html; charset=utf-8 28.6676ms
2024-10-14 10:09:48.358 +02:00 [INF] Request starting HTTP/1.1 GET http://localhost:5041/lib/bootstap/js/bootstrap.js - null null
2024-10-14 10:09:48.360 +02:00 [INF] Request finished HTTP/1.1 GET http://localhost:5041/lib/bootstap/js/bootstrap.js - 404 0 null 2.027ms
2024-10-14 10:09:48.360 +02:00 [INF] Request reached the end of the middleware pipeline without being handled by application code. Request path: GET http://localhost:5041/lib/bootstap/js/bootstrap.js, Response status code: 404
2024-10-14 10:09:48.362 +02:00 [INF] Request starting HTTP/1.1 GET http://localhost:5041/lib/jquery/jquery.min.js - null null
2024-10-14 10:09:48.362 +02:00 [INF] Request starting HTTP/1.1 GET http://localhost:5041/lib/jquery-validate/jquery.validate.js> - null null
2024-10-14 10:09:48.362 +02:00 [INF] Request finished HTTP/1.1 GET http://localhost:5041/lib/jquery-validate/jquery.validate.js> - 404 0 null 0.1683ms
2024-10-14 10:09:48.362 +02:00 [INF] Request finished HTTP/1.1 GET http://localhost:5041/lib/jquery/jquery.min.js - 404 0 null 0.1914ms
2024-10-14 10:09:48.362 +02:00 [INF] Request reached the end of the middleware pipeline without being handled by application code. Request path: GET http://localhost:5041/lib/jquery-validate/jquery.validate.js%3E, Response status code: 404
2024-10-14 10:09:48.362 +02:00 [INF] Request reached the end of the middleware pipeline without being handled by application code. Request path: GET http://localhost:5041/lib/jquery/jquery.min.js, Response status code: 404
2024-10-14 10:09:48.362 +02:00 [INF] Request starting HTTP/1.1 GET http://localhost:5041/lib/jquery-validation/dist/jquery.validate.min.js - null null
2024-10-14 10:09:48.362 +02:00 [INF] Request starting HTTP/1.1 GET http://localhost:5041/lib/jquery-validation-unobtrusive/jquery.validate.unobtrusive.min.js - null null
2024-10-14 10:09:48.362 +02:00 [INF] Request starting HTTP/1.1 GET http://localhost:5041/lib/jquery-validation-unobtrusive/jquery.validate.unobtrusive.js> - null null
2024-10-14 10:09:48.362 +02:00 [INF] Request finished HTTP/1.1 GET http://localhost:5041/lib/jquery-validation/dist/jquery.validate.min.js - 404 0 null 0.0884ms
2024-10-14 10:09:48.362 +02:00 [INF] Request finished HTTP/1.1 GET http://localhost:5041/lib/jquery-validation-unobtrusive/jquery.validate.unobtrusive.js> - 404 0 null 0.0738ms
2024-10-14 10:09:48.362 +02:00 [INF] Request finished HTTP/1.1 GET http://localhost:5041/lib/jquery-validation-unobtrusive/jquery.validate.unobtrusive.min.js - 404 0 null 0.0957ms
2024-10-14 10:09:48.362 +02:00 [INF] Request reached the end of the middleware pipeline without being handled by application code. Request path: GET http://localhost:5041/lib/jquery-validation-unobtrusive/jquery.validate.unobtrusive.js%3E, Response status code: 404
2024-10-14 10:09:48.362 +02:00 [INF] Request reached the end of the middleware pipeline without being handled by application code. Request path: GET http://localhost:5041/lib/jquery-validation-unobtrusive/jquery.validate.unobtrusive.min.js, Response status code: 404
2024-10-14 10:09:48.362 +02:00 [INF] Request reached the end of the middleware pipeline without being handled by application code. Request path: GET http://localhost:5041/lib/jquery-validation/dist/jquery.validate.min.js, Response status code: 404
2024-10-14 10:09:48.399 +02:00 [INF] Request starting HTTP/1.1 GET http://localhost:5041/lib/jquery/jquery.min.js - null null
2024-10-14 10:09:48.399 +02:00 [INF] Request finished HTTP/1.1 GET http://localhost:5041/lib/jquery/jquery.min.js - 404 0 null 0.2178ms
2024-10-14 10:09:48.399 +02:00 [INF] Request reached the end of the middleware pipeline without being handled by application code. Request path: GET http://localhost:5041/lib/jquery/jquery.min.js, Response status code: 404
2024-10-14 10:09:48.401 +02:00 [INF] Request starting HTTP/1.1 GET http://localhost:5041/lib/jquery-validate/jquery.validate.js> - null null
2024-10-14 10:09:48.401 +02:00 [INF] Request finished HTTP/1.1 GET http://localhost:5041/lib/jquery-validate/jquery.validate.js> - 404 0 null 0.1723ms
2024-10-14 10:09:48.401 +02:00 [INF] Request reached the end of the middleware pipeline without being handled by application code. Request path: GET http://localhost:5041/lib/jquery-validate/jquery.validate.js%3E, Response status code: 404
2024-10-14 10:09:48.403 +02:00 [INF] Request starting HTTP/1.1 GET http://localhost:5041/lib/jquery-validation-unobtrusive/jquery.validate.unobtrusive.js> - null null
2024-10-14 10:09:48.403 +02:00 [INF] Request finished HTTP/1.1 GET http://localhost:5041/lib/jquery-validation-unobtrusive/jquery.validate.unobtrusive.js> - 404 0 null 0.1093ms
2024-10-14 10:09:48.403 +02:00 [INF] Request reached the end of the middleware pipeline without being handled by application code. Request path: GET http://localhost:5041/lib/jquery-validation-unobtrusive/jquery.validate.unobtrusive.js%3E, Response status code: 404
2024-10-14 10:09:48.404 +02:00 [INF] Request starting HTTP/1.1 GET http://localhost:5041/lib/jquery-validation/dist/jquery.validate.min.js - null null
2024-10-14 10:09:48.404 +02:00 [INF] Request finished HTTP/1.1 GET http://localhost:5041/lib/jquery-validation/dist/jquery.validate.min.js - 404 0 null 0.1459ms
2024-10-14 10:09:48.404 +02:00 [INF] Request reached the end of the middleware pipeline without being handled by application code. Request path: GET http://localhost:5041/lib/jquery-validation/dist/jquery.validate.min.js, Response status code: 404
2024-10-14 10:09:48.411 +02:00 [INF] Request starting HTTP/1.1 GET http://localhost:5041/lib/jquery-validation-unobtrusive/jquery.validate.unobtrusive.min.js - null null
2024-10-14 10:09:48.411 +02:00 [INF] Request finished HTTP/1.1 GET http://localhost:5041/lib/jquery-validation-unobtrusive/jquery.validate.unobtrusive.min.js - 404 0 null 0.1127ms
2024-10-14 10:09:48.411 +02:00 [INF] Request reached the end of the middleware pipeline without being handled by application code. Request path: GET http://localhost:5041/lib/jquery-validation-unobtrusive/jquery.validate.unobtrusive.min.js, Response status code: 404
2024-10-14 10:09:49.571 +02:00 [INF] Request starting HTTP/1.1 GET http://localhost:5041/Identity/Account/Register - null null
2024-10-14 10:09:49.573 +02:00 [INF] Executing endpoint '/Account/Register'
2024-10-14 10:09:49.573 +02:00 [INF] Route matched with {page = "/Account/Register", area = "Identity", action = "", controller = ""}. Executing page /Account/Register
2024-10-14 10:09:49.575 +02:00 [INF] Executed page /Account/Register in 2.1041ms
2024-10-14 10:09:49.576 +02:00 [INF] Executed endpoint '/Account/Register'
2024-10-14 10:09:49.586 +02:00 [ERR] An unhandled exception has occurred while executing the request.
System.InvalidOperationException: Unable to resolve service for type 'Microsoft.AspNetCore.Identity.UI.Services.IEmailSender' while attempting to activate 'MyShop.Areas.Identity.Pages.Account.RegisterModel'.
   at Microsoft.Extensions.DependencyInjection.ActivatorUtilities.ThrowHelperUnableToResolveService(Type type, Type requiredBy)
   at lambda_method355(Closure, IServiceProvider, Object[])
   at Microsoft.AspNetCore.Mvc.RazorPages.Infrastructure.DefaultPageModelFactoryProvider.<>c__DisplayClass3_0.<CreateModelFactory>b__0(PageContext pageContext)
   at Microsoft.AspNetCore.Mvc.RazorPages.Infrastructure.PageActionInvoker.CreateInstance()
   at Microsoft.AspNetCore.Mvc.RazorPages.Infrastructure.PageActionInvoker.Next(State& next, Scope& scope, Object& state, Boolean& isCompleted)
   at Microsoft.AspNetCore.Mvc.RazorPages.Infrastructure.PageActionInvoker.InvokeInnerFilterAsync()
   at Microsoft.AspNetCore.Mvc.Infrastructure.ResourceInvoker.<InvokeNextResourceFilter>g__Awaited|25_0(ResourceInvoker invoker, Task lastTask, State next, Scope scope, Object state, Boolean isCompleted)
   at Microsoft.AspNetCore.Mvc.Infrastructure.ResourceInvoker.Rethrow(ResourceExecutedContextSealed context)
   at Microsoft.AspNetCore.Mvc.Infrastructure.ResourceInvoker.Next(State& next, Scope& scope, Object& state, Boolean& isCompleted)
   at Microsoft.AspNetCore.Mvc.Infrastructure.ResourceInvoker.InvokeFilterPipelineAsync()
--- End of stack trace from previous location ---
   at Microsoft.AspNetCore.Mvc.Infrastructure.ResourceInvoker.<InvokeAsync>g__Logged|17_1(ResourceInvoker invoker)
   at Microsoft.AspNetCore.Mvc.Infrastructure.ResourceInvoker.<InvokeAsync>g__Logged|17_1(ResourceInvoker invoker)
   at Microsoft.AspNetCore.Routing.EndpointMiddleware.<Invoke>g__AwaitRequestTask|7_0(Endpoint endpoint, Task requestTask, ILogger logger)
   at Microsoft.AspNetCore.Authentication.AuthenticationMiddleware.Invoke(HttpContext context)
   at Microsoft.AspNetCore.Authentication.AuthenticationMiddleware.Invoke(HttpContext context)
   at Microsoft.AspNetCore.Session.SessionMiddleware.Invoke(HttpContext context)
   at Microsoft.AspNetCore.Session.SessionMiddleware.Invoke(HttpContext context)
   at Microsoft.AspNetCore.Diagnostics.DeveloperExceptionPageMiddlewareImpl.Invoke(HttpContext context)
2024-10-14 10:09:49.591 +02:00 [INF] Request finished HTTP/1.1 GET http://localhost:5041/Identity/Account/Register - 500 null text/html; charset=utf-8 20.0003ms
