2024-10-14 09:55:52.829 +02:00 [INF] User profile is available. Using '/Users/alexmccorkle/.aspnet/DataProtection-Keys' as key repository; keys will not be encrypted at rest.
2024-10-14 09:55:52.953 +02:00 [INF] Now listening on: http://localhost:5041
2024-10-14 09:55:52.958 +02:00 [INF] Application started. Press Ctrl+C to shut down.
2024-10-14 09:55:52.960 +02:00 [INF] Hosting environment: Development
2024-10-14 09:55:52.961 +02:00 [INF] Content root path: /Users/alexmccorkle/Documents/IT/Year_3/WebApp/MVCDemos/MyShop
2024-10-14 09:55:53.554 +02:00 [INF] Request starting HTTP/1.1 GET http://localhost:5041/ - null null
2024-10-14 09:55:53.631 +02:00 [INF] Executing endpoint 'MyShop.Controllers.HomeController.Index (MyShop)'
2024-10-14 09:55:53.637 +02:00 [INF] Route matched with {action = "Index", controller = "Home", page = "", area = ""}. Executing controller action with signature Microsoft.AspNetCore.Mvc.IActionResult Index() on controller MyShop.Controllers.HomeController (MyShop).
2024-10-14 09:55:53.643 +02:00 [INF] Executing ViewResult, running view Index.
2024-10-14 09:55:53.699 +02:00 [INF] Executed ViewResult - view Index executed in 52.8755ms.
2024-10-14 09:55:53.700 +02:00 [INF] Executed action MyShop.Controllers.HomeController.Index (MyShop) in 62.664ms
2024-10-14 09:55:53.700 +02:00 [INF] Executed endpoint 'MyShop.Controllers.HomeController.Index (MyShop)'
2024-10-14 09:55:53.703 +02:00 [INF] Request finished HTTP/1.1 GET http://localhost:5041/ - 200 null text/html; charset=utf-8 151.2514ms
2024-10-14 09:55:53.743 +02:00 [INF] Request starting HTTP/1.1 GET http://localhost:5041/lib/bootstap/js/bootstrap.js - null null
2024-10-14 09:55:53.743 +02:00 [INF] Request starting HTTP/1.1 GET http://localhost:5041/lib/jquery/jquery.min.js - null null
2024-10-14 09:55:53.755 +02:00 [INF] Request starting HTTP/1.1 GET http://localhost:5041/lib/jquery-validation-unobtrusive/jquery.validate.unobtrusive.js> - null null
2024-10-14 09:55:53.755 +02:00 [INF] Request starting HTTP/1.1 GET http://localhost:5041/lib/jquery-validate/jquery.validate.js> - null null
2024-10-14 09:55:53.764 +02:00 [INF] Request finished HTTP/1.1 GET http://localhost:5041/lib/bootstap/js/bootstrap.js - 404 0 null 21.2062ms
2024-10-14 09:55:53.764 +02:00 [INF] Request finished HTTP/1.1 GET http://localhost:5041/lib/jquery-validate/jquery.validate.js> - 404 0 null 8.6335ms
2024-10-14 09:55:53.774 +02:00 [INF] Request reached the end of the middleware pipeline without being handled by application code. Request path: GET http://localhost:5041/lib/bootstap/js/bootstrap.js, Response status code: 404
2024-10-14 09:55:53.768 +02:00 [INF] Request finished HTTP/1.1 GET http://localhost:5041/lib/jquery/jquery.min.js - 404 0 null 24.4865ms
2024-10-14 09:55:53.774 +02:00 [INF] Request reached the end of the middleware pipeline without being handled by application code. Request path: GET http://localhost:5041/lib/jquery/jquery.min.js, Response status code: 404
2024-10-14 09:55:53.774 +02:00 [INF] Request reached the end of the middleware pipeline without being handled by application code. Request path: GET http://localhost:5041/lib/jquery-validate/jquery.validate.js%3E, Response status code: 404
2024-10-14 09:55:53.767 +02:00 [INF] Request finished HTTP/1.1 GET http://localhost:5041/lib/jquery-validation-unobtrusive/jquery.validate.unobtrusive.js> - 404 0 null 12.6173ms
2024-10-14 09:55:53.823 +02:00 [INF] Request starting HTTP/1.1 GET http://localhost:5041/images/pizza.jpg - null null
2024-10-14 09:55:53.823 +02:00 [INF] Request starting HTTP/1.1 GET http://localhost:5041/lib/jquery/jquery.min.js - null null
2024-10-14 09:55:53.823 +02:00 [INF] Request reached the end of the middleware pipeline without being handled by application code. Request path: GET http://localhost:5041/lib/jquery-validation-unobtrusive/jquery.validate.unobtrusive.js%3E, Response status code: 404
2024-10-14 09:55:53.906 +02:00 [INF] Request starting HTTP/1.1 GET http://localhost:5041/images/tacos.jpg - null null
2024-10-14 09:55:53.875 +02:00 [INF] Request starting HTTP/1.1 GET http://localhost:5041/images/fishandchips.jpg - null null
2024-10-14 09:55:53.974 +02:00 [INF] Request finished HTTP/1.1 GET http://localhost:5041/lib/jquery/jquery.min.js - 404 0 null 151.3298ms
2024-10-14 09:55:53.974 +02:00 [INF] Request reached the end of the middleware pipeline without being handled by application code. Request path: GET http://localhost:5041/lib/jquery/jquery.min.js, Response status code: 404
2024-10-14 09:55:53.978 +02:00 [INF] Request starting HTTP/1.1 GET http://localhost:5041/lib/jquery-validate/jquery.validate.js> - null null
2024-10-14 09:55:54.007 +02:00 [INF] Request finished HTTP/1.1 GET http://localhost:5041/lib/jquery-validate/jquery.validate.js> - 404 0 null 29.3746ms
2024-10-14 09:55:54.008 +02:00 [INF] Request reached the end of the middleware pipeline without being handled by application code. Request path: GET http://localhost:5041/lib/jquery-validate/jquery.validate.js%3E, Response status code: 404
2024-10-14 09:55:54.012 +02:00 [INF] Request starting HTTP/1.1 GET http://localhost:5041/lib/jquery-validation-unobtrusive/jquery.validate.unobtrusive.js> - null null
2024-10-14 09:55:54.014 +02:00 [INF] Request finished HTTP/1.1 GET http://localhost:5041/lib/jquery-validation-unobtrusive/jquery.validate.unobtrusive.js> - 404 0 null 1.7982ms
2024-10-14 09:55:54.014 +02:00 [INF] Request reached the end of the middleware pipeline without being handled by application code. Request path: GET http://localhost:5041/lib/jquery-validation-unobtrusive/jquery.validate.unobtrusive.js%3E, Response status code: 404
2024-10-14 09:55:54.017 +02:00 [INF] Sending file. Request path: '/images/fishandchips.jpg'. Physical path: '/Users/alexmccorkle/Documents/IT/Year_3/WebApp/MVCDemos/MyShop/wwwroot/images/fishandchips.jpg'
2024-10-14 09:55:54.018 +02:00 [INF] Sending file. Request path: '/images/pizza.jpg'. Physical path: '/Users/alexmccorkle/Documents/IT/Year_3/WebApp/MVCDemos/MyShop/wwwroot/images/pizza.jpg'
2024-10-14 09:55:54.017 +02:00 [INF] Sending file. Request path: '/images/tacos.jpg'. Physical path: '/Users/alexmccorkle/Documents/IT/Year_3/WebApp/MVCDemos/MyShop/wwwroot/images/tacos.jpg'
2024-10-14 09:55:54.018 +02:00 [INF] Request finished HTTP/1.1 GET http://localhost:5041/images/fishandchips.jpg - 200 100023 image/jpeg 143.4414ms
2024-10-14 09:55:54.018 +02:00 [INF] Request finished HTTP/1.1 GET http://localhost:5041/images/pizza.jpg - 200 127421 image/jpeg 195.8858ms
2024-10-14 09:55:54.019 +02:00 [INF] Request finished HTTP/1.1 GET http://localhost:5041/images/tacos.jpg - 200 118763 image/jpeg 113.5176ms
2024-10-14 09:55:54.110 +02:00 [INF] Request starting HTTP/1.1 GET http://localhost:5041/favicon.ico - null null
2024-10-14 09:55:54.111 +02:00 [INF] Request finished HTTP/1.1 GET http://localhost:5041/favicon.ico - 404 0 null 1.0342ms
2024-10-14 09:55:54.111 +02:00 [INF] Request reached the end of the middleware pipeline without being handled by application code. Request path: GET http://localhost:5041/favicon.ico, Response status code: 404
2024-10-14 09:55:55.688 +02:00 [INF] Request starting HTTP/1.1 GET http://localhost:5041/Item/Table - null null
2024-10-14 09:55:55.693 +02:00 [INF] Executing endpoint 'MyShop.Controllers.ItemController.Table (MyShop)'
2024-10-14 09:55:55.702 +02:00 [INF] Route matched with {action = "Table", controller = "Item", page = "", area = ""}. Executing controller action with signature System.Threading.Tasks.Task`1[Microsoft.AspNetCore.Mvc.IActionResult] Table() on controller MyShop.Controllers.ItemController (MyShop).
2024-10-14 09:55:55.754 +02:00 [INF] Executing ViewResult, running view Table.
2024-10-14 09:55:55.769 +02:00 [INF] Executed ViewResult - view Table executed in 15.802ms.
2024-10-14 09:55:55.769 +02:00 [INF] Executed action MyShop.Controllers.ItemController.Table (MyShop) in 67.3124ms
2024-10-14 09:55:55.769 +02:00 [INF] Executed endpoint 'MyShop.Controllers.ItemController.Table (MyShop)'
2024-10-14 09:55:55.772 +02:00 [INF] Request finished HTTP/1.1 GET http://localhost:5041/Item/Table - 200 null text/html; charset=utf-8 84.1945ms
2024-10-14 09:55:55.813 +02:00 [INF] Request starting HTTP/1.1 GET http://localhost:5041/lib/bootstap/js/bootstrap.js - null null
2024-10-14 09:55:55.815 +02:00 [INF] Request finished HTTP/1.1 GET http://localhost:5041/lib/bootstap/js/bootstrap.js - 404 0 null 1.956ms
2024-10-14 09:55:55.815 +02:00 [INF] Request reached the end of the middleware pipeline without being handled by application code. Request path: GET http://localhost:5041/lib/bootstap/js/bootstrap.js, Response status code: 404
2024-10-14 09:55:55.820 +02:00 [INF] Request starting HTTP/1.1 GET http://localhost:5041/lib/jquery/jquery.min.js - null null
2024-10-14 09:55:55.820 +02:00 [INF] Request starting HTTP/1.1 GET http://localhost:5041/lib/jquery-validation-unobtrusive/jquery.validate.unobtrusive.js> - null null
2024-10-14 09:55:55.820 +02:00 [INF] Request starting HTTP/1.1 GET http://localhost:5041/lib/jquery-validate/jquery.validate.js> - null null
2024-10-14 09:55:55.822 +02:00 [INF] Request finished HTTP/1.1 GET http://localhost:5041/lib/jquery-validate/jquery.validate.js> - 404 0 null 1.2784ms
2024-10-14 09:55:55.822 +02:00 [INF] Request finished HTTP/1.1 GET http://localhost:5041/lib/jquery/jquery.min.js - 404 0 null 1.5953ms
2024-10-14 09:55:55.822 +02:00 [INF] Request reached the end of the middleware pipeline without being handled by application code. Request path: GET http://localhost:5041/lib/jquery-validate/jquery.validate.js%3E, Response status code: 404
2024-10-14 09:55:55.822 +02:00 [INF] Request reached the end of the middleware pipeline without being handled by application code. Request path: GET http://localhost:5041/lib/jquery/jquery.min.js, Response status code: 404
2024-10-14 09:55:55.822 +02:00 [INF] Request finished HTTP/1.1 GET http://localhost:5041/lib/jquery-validation-unobtrusive/jquery.validate.unobtrusive.js> - 404 0 null 1.3292ms
2024-10-14 09:55:55.822 +02:00 [INF] Request reached the end of the middleware pipeline without being handled by application code. Request path: GET http://localhost:5041/lib/jquery-validation-unobtrusive/jquery.validate.unobtrusive.js%3E, Response status code: 404
2024-10-14 09:55:55.824 +02:00 [INF] Request starting HTTP/1.1 GET http://localhost:5041/images/chickenleg.jpg - null null
2024-10-14 09:55:55.824 +02:00 [INF] Request starting HTTP/1.1 GET http://localhost:5041/images/frenchfries.jpg - null null
2024-10-14 09:55:55.824 +02:00 [INF] Request starting HTTP/1.1 GET http://localhost:5041/images/ribs.jpg - null null
2024-10-14 09:55:55.920 +02:00 [INF] Request starting HTTP/1.1 GET http://localhost:5041/images/cider.jpg - null null
2024-10-14 09:55:55.990 +02:00 [INF] Sending file. Request path: '/images/frenchfries.jpg'. Physical path: '/Users/alexmccorkle/Documents/IT/Year_3/WebApp/MVCDemos/MyShop/wwwroot/images/frenchfries.jpg'
2024-10-14 09:55:55.990 +02:00 [INF] Sending file. Request path: '/images/chickenleg.jpg'. Physical path: '/Users/alexmccorkle/Documents/IT/Year_3/WebApp/MVCDemos/MyShop/wwwroot/images/chickenleg.jpg'
2024-10-14 09:55:55.991 +02:00 [INF] Request starting HTTP/1.1 GET http://localhost:5041/images/coke.jpg - null null
2024-10-14 09:55:55.991 +02:00 [INF] Request starting HTTP/1.1 GET http://localhost:5041/lib/jquery-validation-unobtrusive/jquery.validate.unobtrusive.js> - null null
2024-10-14 09:55:55.991 +02:00 [INF] Request finished HTTP/1.1 GET http://localhost:5041/images/frenchfries.jpg - 200 52799 image/jpeg 166.7667ms
2024-10-14 09:55:55.991 +02:00 [INF] Request finished HTTP/1.1 GET http://localhost:5041/images/chickenleg.jpg - 200 63434 image/jpeg 167.3223ms
2024-10-14 09:55:56.077 +02:00 [INF] Sending file. Request path: '/images/cider.jpg'. Physical path: '/Users/alexmccorkle/Documents/IT/Year_3/WebApp/MVCDemos/MyShop/wwwroot/images/cider.jpg'
2024-10-14 09:55:56.099 +02:00 [INF] Sending file. Request path: '/images/ribs.jpg'. Physical path: '/Users/alexmccorkle/Documents/IT/Year_3/WebApp/MVCDemos/MyShop/wwwroot/images/ribs.jpg'
2024-10-14 09:55:56.149 +02:00 [INF] Request finished HTTP/1.1 GET http://localhost:5041/images/ribs.jpg - 200 141554 image/jpeg 324.7602ms
2024-10-14 09:55:56.149 +02:00 [INF] Sending file. Request path: '/images/coke.jpg'. Physical path: '/Users/alexmccorkle/Documents/IT/Year_3/WebApp/MVCDemos/MyShop/wwwroot/images/coke.jpg'
2024-10-14 09:55:56.149 +02:00 [INF] Request finished HTTP/1.1 GET http://localhost:5041/images/cider.jpg - 200 28236 image/jpeg 228.257ms
2024-10-14 09:55:56.150 +02:00 [INF] Request finished HTTP/1.1 GET http://localhost:5041/images/coke.jpg - 200 40331 image/jpeg 159.3932ms
2024-10-14 09:55:56.150 +02:00 [INF] Request finished HTTP/1.1 GET http://localhost:5041/lib/jquery-validation-unobtrusive/jquery.validate.unobtrusive.js> - 404 0 null 159.6027ms
2024-10-14 09:55:56.150 +02:00 [INF] Request reached the end of the middleware pipeline without being handled by application code. Request path: GET http://localhost:5041/lib/jquery-validation-unobtrusive/jquery.validate.unobtrusive.js%3E, Response status code: 404
2024-10-14 09:55:56.164 +02:00 [INF] Request starting HTTP/1.1 GET http://localhost:5041/favicon.ico - null null
2024-10-14 09:55:56.165 +02:00 [INF] Request finished HTTP/1.1 GET http://localhost:5041/favicon.ico - 499 null null 1.1017ms
2024-10-14 09:55:56.165 +02:00 [INF] Request reached the end of the middleware pipeline without being handled by application code. Request path: GET http://localhost:5041/favicon.ico, Response status code: 499
2024-10-14 09:55:58.649 +02:00 [INF] Request starting HTTP/1.1 GET http://localhost:5041/Item/Update/1 - null null
2024-10-14 09:55:58.661 +02:00 [INF] Authorization failed. These requirements were not met:
DenyAnonymousAuthorizationRequirement: Requires an authenticated user.
2024-10-14 09:55:58.665 +02:00 [INF] AuthenticationScheme: Identity.Application was challenged.
2024-10-14 09:55:58.667 +02:00 [INF] Request finished HTTP/1.1 GET http://localhost:5041/Item/Update/1 - 302 0 null 17.5311ms
2024-10-14 09:55:58.676 +02:00 [INF] Request starting HTTP/1.1 GET http://localhost:5041/Identity/Account/Login?ReturnUrl=%2FItem%2FUpdate%2F1 - null null
2024-10-14 09:55:58.724 +02:00 [INF] Executing endpoint '/Account/Login'
2024-10-14 09:55:58.739 +02:00 [INF] Route matched with {page = "/Account/Login", area = "Identity", action = "", controller = ""}. Executing page /Account/Login
2024-10-14 09:55:58.751 +02:00 [INF] Executing handler method MyShop.Areas.Identity.Pages.Account.LoginModel.OnGetAsync - ModelState is "Valid"
2024-10-14 09:55:58.754 +02:00 [INF] AuthenticationScheme: Identity.External signed out.
2024-10-14 09:55:58.755 +02:00 [INF] Executed handler method OnGetAsync, returned result .
2024-10-14 09:55:58.756 +02:00 [INF] Executing an implicit handler method - ModelState is "Valid"
2024-10-14 09:55:58.756 +02:00 [INF] Executed an implicit handler method, returned result Microsoft.AspNetCore.Mvc.RazorPages.PageResult.
2024-10-14 09:55:58.785 +02:00 [INF] Executed page /Account/Login in 46.0499ms
2024-10-14 09:55:58.785 +02:00 [INF] Executed endpoint '/Account/Login'
2024-10-14 09:55:58.786 +02:00 [INF] Request finished HTTP/1.1 GET http://localhost:5041/Identity/Account/Login?ReturnUrl=%2FItem%2FUpdate%2F1 - 200 null text/html; charset=utf-8 109.352ms
2024-10-14 09:55:58.816 +02:00 [INF] Request starting HTTP/1.1 GET http://localhost:5041/lib/jquery-validate/jquery.validate.js> - null null
2024-10-14 09:55:58.816 +02:00 [INF] Request starting HTTP/1.1 GET http://localhost:5041/lib/jquery/jquery.min.js - null null
2024-10-14 09:55:58.816 +02:00 [INF] Request starting HTTP/1.1 GET http://localhost:5041/lib/bootstap/js/bootstrap.js - null null
2024-10-14 09:55:58.817 +02:00 [INF] Request starting HTTP/1.1 GET http://localhost:5041/lib/jquery-validation-unobtrusive/jquery.validate.unobtrusive.js> - null null
2024-10-14 09:55:58.817 +02:00 [INF] Request finished HTTP/1.1 GET http://localhost:5041/lib/bootstap/js/bootstrap.js - 404 0 null 0.668ms
2024-10-14 09:55:58.817 +02:00 [INF] Request finished HTTP/1.1 GET http://localhost:5041/lib/jquery-validate/jquery.validate.js> - 404 0 null 0.6503ms
2024-10-14 09:55:58.817 +02:00 [INF] Request reached the end of the middleware pipeline without being handled by application code. Request path: GET http://localhost:5041/lib/bootstap/js/bootstrap.js, Response status code: 404
2024-10-14 09:55:58.817 +02:00 [INF] Request reached the end of the middleware pipeline without being handled by application code. Request path: GET http://localhost:5041/lib/jquery-validate/jquery.validate.js%3E, Response status code: 404
2024-10-14 09:55:58.817 +02:00 [INF] Request finished HTTP/1.1 GET http://localhost:5041/lib/jquery/jquery.min.js - 404 0 null 0.6077ms
2024-10-14 09:55:58.817 +02:00 [INF] Request reached the end of the middleware pipeline without being handled by application code. Request path: GET http://localhost:5041/lib/jquery/jquery.min.js, Response status code: 404
2024-10-14 09:55:58.817 +02:00 [INF] Request finished HTTP/1.1 GET http://localhost:5041/lib/jquery-validation-unobtrusive/jquery.validate.unobtrusive.js> - 404 0 null 0.8197ms
2024-10-14 09:55:58.817 +02:00 [INF] Request reached the end of the middleware pipeline without being handled by application code. Request path: GET http://localhost:5041/lib/jquery-validation-unobtrusive/jquery.validate.unobtrusive.js%3E, Response status code: 404
2024-10-14 09:55:58.819 +02:00 [INF] Request starting HTTP/1.1 GET http://localhost:5041/lib/jquery-validation/dist/jquery.validate.min.js - null null
2024-10-14 09:55:58.819 +02:00 [INF] Request starting HTTP/1.1 GET http://localhost:5041/lib/jquery-validation-unobtrusive/jquery.validate.unobtrusive.min.js - null null
2024-10-14 09:55:58.819 +02:00 [INF] Request finished HTTP/1.1 GET http://localhost:5041/lib/jquery-validation/dist/jquery.validate.min.js - 404 0 null 0.3458ms
2024-10-14 09:55:58.819 +02:00 [INF] Request reached the end of the middleware pipeline without being handled by application code. Request path: GET http://localhost:5041/lib/jquery-validation/dist/jquery.validate.min.js, Response status code: 404
2024-10-14 09:55:58.819 +02:00 [INF] Request finished HTTP/1.1 GET http://localhost:5041/lib/jquery-validation-unobtrusive/jquery.validate.unobtrusive.min.js - 404 0 null 0.5944ms
2024-10-14 09:55:58.819 +02:00 [INF] Request reached the end of the middleware pipeline without being handled by application code. Request path: GET http://localhost:5041/lib/jquery-validation-unobtrusive/jquery.validate.unobtrusive.min.js, Response status code: 404
2024-10-14 09:55:58.821 +02:00 [INF] Request starting HTTP/1.1 GET http://localhost:5041/lib/jquery/jquery.min.js - null null
2024-10-14 09:55:58.821 +02:00 [INF] Request finished HTTP/1.1 GET http://localhost:5041/lib/jquery/jquery.min.js - 404 0 null 0.2808ms
2024-10-14 09:55:58.821 +02:00 [INF] Request reached the end of the middleware pipeline without being handled by application code. Request path: GET http://localhost:5041/lib/jquery/jquery.min.js, Response status code: 404
2024-10-14 09:55:58.822 +02:00 [INF] Request starting HTTP/1.1 GET http://localhost:5041/lib/jquery-validate/jquery.validate.js> - null null
2024-10-14 09:55:58.822 +02:00 [INF] Request finished HTTP/1.1 GET http://localhost:5041/lib/jquery-validate/jquery.validate.js> - 404 0 null 0.207ms
2024-10-14 09:55:58.822 +02:00 [INF] Request reached the end of the middleware pipeline without being handled by application code. Request path: GET http://localhost:5041/lib/jquery-validate/jquery.validate.js%3E, Response status code: 404
2024-10-14 09:55:58.826 +02:00 [INF] Request starting HTTP/1.1 GET http://localhost:5041/lib/jquery-validation-unobtrusive/jquery.validate.unobtrusive.js> - null null
2024-10-14 09:55:58.826 +02:00 [INF] Request finished HTTP/1.1 GET http://localhost:5041/lib/jquery-validation-unobtrusive/jquery.validate.unobtrusive.js> - 404 0 null 0.2872ms
2024-10-14 09:55:58.826 +02:00 [INF] Request reached the end of the middleware pipeline without being handled by application code. Request path: GET http://localhost:5041/lib/jquery-validation-unobtrusive/jquery.validate.unobtrusive.js%3E, Response status code: 404
2024-10-14 09:55:58.829 +02:00 [INF] Request starting HTTP/1.1 GET http://localhost:5041/lib/jquery-validation/dist/jquery.validate.min.js - null null
2024-10-14 09:55:58.829 +02:00 [INF] Request finished HTTP/1.1 GET http://localhost:5041/lib/jquery-validation/dist/jquery.validate.min.js - 404 0 null 0.3036ms
2024-10-14 09:55:58.829 +02:00 [INF] Request reached the end of the middleware pipeline without being handled by application code. Request path: GET http://localhost:5041/lib/jquery-validation/dist/jquery.validate.min.js, Response status code: 404
2024-10-14 09:55:58.841 +02:00 [INF] Request starting HTTP/1.1 GET http://localhost:5041/lib/jquery-validation-unobtrusive/jquery.validate.unobtrusive.min.js - null null
2024-10-14 09:55:58.841 +02:00 [INF] Request finished HTTP/1.1 GET http://localhost:5041/lib/jquery-validation-unobtrusive/jquery.validate.unobtrusive.min.js - 404 0 null 0.6389ms
2024-10-14 09:55:58.842 +02:00 [INF] Request reached the end of the middleware pipeline without being handled by application code. Request path: GET http://localhost:5041/lib/jquery-validation-unobtrusive/jquery.validate.unobtrusive.min.js, Response status code: 404
