2024-10-14 10:14:45.999 +02:00 [INF] User profile is available. Using '/Users/alexmccorkle/.aspnet/DataProtection-Keys' as key repository; keys will not be encrypted at rest.
2024-10-14 10:14:46.091 +02:00 [INF] Now listening on: http://localhost:5041
2024-10-14 10:14:46.096 +02:00 [INF] Application started. Press Ctrl+C to shut down.
2024-10-14 10:14:46.098 +02:00 [INF] Hosting environment: Development
2024-10-14 10:14:46.099 +02:00 [INF] Content root path: /Users/alexmccorkle/Documents/IT/Year_3/WebApp/MVCDemos/MyShop
2024-10-14 10:14:46.930 +02:00 [INF] Request starting HTTP/1.1 GET http://localhost:5041/ - null null
2024-10-14 10:14:46.961 +02:00 [INF] Executing endpoint 'MyShop.Controllers.HomeController.Index (MyShop)'
2024-10-14 10:14:46.973 +02:00 [INF] Route matched with {action = "Index", controller = "Home", page = "", area = ""}. Executing controller action with signature Microsoft.AspNetCore.Mvc.IActionResult Index() on controller MyShop.Controllers.HomeController (MyShop).
2024-10-14 10:14:46.978 +02:00 [INF] Executing ViewResult, running view Index.
2024-10-14 10:14:47.057 +02:00 [INF] Executed ViewResult - view Index executed in 76.6196ms.
2024-10-14 10:14:47.148 +02:00 [INF] Request starting HTTP/1.1 GET http://localhost:5041/lib/jquery/jquery.min.js - null null
2024-10-14 10:14:47.148 +02:00 [INF] Request starting HTTP/1.1 GET http://localhost:5041/lib/bootstap/js/bootstrap.js - null null
2024-10-14 10:14:47.183 +02:00 [INF] Request starting HTTP/1.1 GET http://localhost:5041/lib/jquery-validation-unobtrusive/jquery.validate.unobtrusive.js> - null null
2024-10-14 10:14:47.183 +02:00 [INF] Request starting HTTP/1.1 GET http://localhost:5041/lib/jquery-validate/jquery.validate.js> - null null
2024-10-14 10:14:47.776 +02:00 [INF] Executed action MyShop.Controllers.HomeController.Index (MyShop) in 800.249ms
2024-10-14 10:14:47.777 +02:00 [INF] Executed endpoint 'MyShop.Controllers.HomeController.Index (MyShop)'
2024-10-14 10:14:47.795 +02:00 [INF] Request finished HTTP/1.1 GET http://localhost:5041/lib/jquery/jquery.min.js - 404 0 null 646.8283ms
2024-10-14 10:14:47.795 +02:00 [INF] Request finished HTTP/1.1 GET http://localhost:5041/lib/jquery-validation-unobtrusive/jquery.validate.unobtrusive.js> - 404 0 null 611.6852ms
2024-10-14 10:14:47.795 +02:00 [INF] Request finished HTTP/1.1 GET http://localhost:5041/ - 200 null text/html; charset=utf-8 867.3279ms
2024-10-14 10:14:47.795 +02:00 [INF] Request finished HTTP/1.1 GET http://localhost:5041/lib/bootstap/js/bootstrap.js - 404 0 null 646.2726ms
2024-10-14 10:14:47.797 +02:00 [INF] Request reached the end of the middleware pipeline without being handled by application code. Request path: GET http://localhost:5041/lib/bootstap/js/bootstrap.js, Response status code: 404
2024-10-14 10:14:47.797 +02:00 [INF] Request reached the end of the middleware pipeline without being handled by application code. Request path: GET http://localhost:5041/lib/jquery/jquery.min.js, Response status code: 404
2024-10-14 10:14:47.797 +02:00 [INF] Request reached the end of the middleware pipeline without being handled by application code. Request path: GET http://localhost:5041/lib/jquery-validation-unobtrusive/jquery.validate.unobtrusive.js%3E, Response status code: 404
2024-10-14 10:14:47.795 +02:00 [INF] Request finished HTTP/1.1 GET http://localhost:5041/lib/jquery-validate/jquery.validate.js> - 404 0 null 611.6852ms
2024-10-14 10:14:47.798 +02:00 [INF] Request reached the end of the middleware pipeline without being handled by application code. Request path: GET http://localhost:5041/lib/jquery-validate/jquery.validate.js%3E, Response status code: 404
2024-10-14 10:14:47.803 +02:00 [INF] Request starting HTTP/1.1 GET http://localhost:5041/lib/jquery/jquery.min.js - null null
2024-10-14 10:14:47.804 +02:00 [INF] Request finished HTTP/1.1 GET http://localhost:5041/lib/jquery/jquery.min.js - 404 0 null 1.1811ms
2024-10-14 10:14:47.804 +02:00 [INF] Request reached the end of the middleware pipeline without being handled by application code. Request path: GET http://localhost:5041/lib/jquery/jquery.min.js, Response status code: 404
2024-10-14 10:14:47.807 +02:00 [INF] Request starting HTTP/1.1 GET http://localhost:5041/lib/jquery-validate/jquery.validate.js> - null null
2024-10-14 10:14:47.807 +02:00 [INF] Request finished HTTP/1.1 GET http://localhost:5041/lib/jquery-validate/jquery.validate.js> - 404 0 null 0.4874ms
2024-10-14 10:14:47.808 +02:00 [INF] Request reached the end of the middleware pipeline without being handled by application code. Request path: GET http://localhost:5041/lib/jquery-validate/jquery.validate.js%3E, Response status code: 404
2024-10-14 10:14:47.809 +02:00 [INF] Request starting HTTP/1.1 GET http://localhost:5041/lib/jquery-validation-unobtrusive/jquery.validate.unobtrusive.js> - null null
2024-10-14 10:14:47.809 +02:00 [INF] Request finished HTTP/1.1 GET http://localhost:5041/lib/jquery-validation-unobtrusive/jquery.validate.unobtrusive.js> - 404 0 null 0.1856ms
2024-10-14 10:14:47.809 +02:00 [INF] Request reached the end of the middleware pipeline without being handled by application code. Request path: GET http://localhost:5041/lib/jquery-validation-unobtrusive/jquery.validate.unobtrusive.js%3E, Response status code: 404
2024-10-14 10:14:47.869 +02:00 [INF] Request starting HTTP/1.1 GET http://localhost:5041/favicon.ico - null null
2024-10-14 10:14:47.870 +02:00 [INF] Request finished HTTP/1.1 GET http://localhost:5041/favicon.ico - 404 0 null 1.0302ms
2024-10-14 10:14:47.870 +02:00 [INF] Request reached the end of the middleware pipeline without being handled by application code. Request path: GET http://localhost:5041/favicon.ico, Response status code: 404
2024-10-14 10:14:48.900 +02:00 [INF] Request starting HTTP/1.1 GET http://localhost:5041/Identity/Account/Register - null null
2024-10-14 10:14:48.909 +02:00 [INF] Executing endpoint '/Account/Register'
2024-10-14 10:14:48.956 +02:00 [INF] Route matched with {page = "/Account/Register", area = "Identity", action = "", controller = ""}. Executing page /Account/Register
2024-10-14 10:14:48.962 +02:00 [INF] Executed page /Account/Register in 6.3443ms
2024-10-14 10:14:48.964 +02:00 [INF] Executed endpoint '/Account/Register'
2024-10-14 10:14:49.014 +02:00 [ERR] An unhandled exception has occurred while executing the request.
System.InvalidOperationException: Unable to resolve service for type 'Microsoft.AspNetCore.Identity.UI.Services.IEmailSender' while attempting to activate 'MyShop.Areas.Identity.Pages.Account.RegisterModel'.
   at Microsoft.Extensions.DependencyInjection.ActivatorUtilities.ThrowHelperUnableToResolveService(Type type, Type requiredBy)
   at lambda_method320(Closure, IServiceProvider, Object[])
   at Microsoft.AspNetCore.Mvc.RazorPages.Infrastructure.DefaultPageModelFactoryProvider.<>c__DisplayClass3_0.<CreateModelFactory>b__0(PageContext pageContext)
   at Microsoft.AspNetCore.Mvc.RazorPages.Infrastructure.PageActionInvoker.CreateInstance()
   at Microsoft.AspNetCore.Mvc.RazorPages.Infrastructure.PageActionInvoker.Next(State& next, Scope& scope, Object& state, Boolean& isCompleted)
   at Microsoft.AspNetCore.Mvc.RazorPages.Infrastructure.PageActionInvoker.InvokeInnerFilterAsync()
   at Microsoft.AspNetCore.Mvc.Infrastructure.ResourceInvoker.<InvokeNextResourceFilter>g__Awaited|25_0(ResourceInvoker invoker, Task lastTask, State next, Scope scope, Object state, Boolean isCompleted)
   at Microsoft.AspNetCore.Mvc.Infrastructure.ResourceInvoker.Rethrow(ResourceExecutedContextSealed context)
   at Microsoft.AspNetCore.Mvc.Infrastructure.ResourceInvoker.Next(State& next, Scope& scope, Object& state, Boolean& isCompleted)
   at Microsoft.AspNetCore.Mvc.Infrastructure.ResourceInvoker.InvokeFilterPipelineAsync()
--- End of stack trace from previous location ---
   at Microsoft.AspNetCore.Mvc.Infrastructure.ResourceInvoker.<InvokeAsync>g__Logged|17_1(ResourceInvoker invoker)
   at Microsoft.AspNetCore.Mvc.Infrastructure.ResourceInvoker.<InvokeAsync>g__Logged|17_1(ResourceInvoker invoker)
   at Microsoft.AspNetCore.Routing.EndpointMiddleware.<Invoke>g__AwaitRequestTask|7_0(Endpoint endpoint, Task requestTask, ILogger logger)
   at Microsoft.AspNetCore.Authentication.AuthenticationMiddleware.Invoke(HttpContext context)
   at Microsoft.AspNetCore.Authentication.AuthenticationMiddleware.Invoke(HttpContext context)
   at Microsoft.AspNetCore.Session.SessionMiddleware.Invoke(HttpContext context)
   at Microsoft.AspNetCore.Session.SessionMiddleware.Invoke(HttpContext context)
   at Microsoft.AspNetCore.Diagnostics.DeveloperExceptionPageMiddlewareImpl.Invoke(HttpContext context)
2024-10-14 10:14:49.028 +02:00 [INF] Request finished HTTP/1.1 GET http://localhost:5041/Identity/Account/Register - 500 null text/html; charset=utf-8 133.202ms
